I'm sorry, but errors were detected in your script. Please correct the
errors listed below, and try again.


File "game/script.rpy", line 17: expected statement.
    player_name = "new_player"
                ^

Ren'Py Version: Ren'Py 7.0.0.196
Sat Sep 08 14:02:04 2018
